{"at":"2025-10-09T18:33:58.299Z","action":"create","id":"drv_-x9om9cM","email":"hateisworst@gmail.com","status":"pending"}
{"at":"2025-10-09T18:37:19.277Z","action":"create","id":"drv_ftF-NJ-G","email":"hateisworst@gmail.com","status":"pending"}
{"at":"2025-10-09T18:55:00.932Z","action":"create","id":"drv_CMkycaUf","email":"hateisworst@gmail.com","status":"pending"}
{"at":"2025-10-09T19:06:29.066Z","action":"reject","id":"drv_-x9om9cM"}
{"at":"2025-10-09T19:06:30.427Z","action":"reject","id":"drv_ftF-NJ-G"}
{"at":"2025-10-09T19:06:31.347Z","action":"approve","id":"drv_CMkycaUf"}
{"at":"2025-10-09T19:25:41.971Z","action":"create","id":"drv_cutgkcHr","email":"2justintan@gmail.com","status":"pending"}
{"at":"2025-10-09T19:25:49.236Z","action":"approve","id":"drv_cutgkcHr"}
{"at":"2025-10-09T19:40:25.756Z","action":"create","id":"drv_lxTs4Hzx","email":"wasdwasdwasdwasd05@gmail.com","status":"pending"}
{"at":"2025-10-09T19:40:41.635Z","action":"approve","id":"drv_lxTs4Hzx"}
{"at":"2025-10-09T19:59:04.263Z","action":"delete","id":"drv_CMkycaUf"}
{"at":"2025-10-09T19:59:06.276Z","action":"delete","id":"drv_cutgkcHr"}
{"at":"2025-10-09T20:00:55.417Z","action":"create","id":"drv_6LesOfmq","email":"hateisworst@gmail.com","status":"pending"}
{"at":"2025-10-09T20:01:03.637Z","action":"approve","id":"drv_6LesOfmq"}
{"at":"2025-10-09T20:01:04.209Z","action":"approve","id":"drv_6LesOfmq"}
{"at":"2025-10-09T20:01:06.325Z","action":"approve","id":"drv_6LesOfmq"}
{"at":"2025-10-09T20:02:49.156Z","action":"reject","id":"drv_6LesOfmq"}
{"at":"2025-10-09T20:06:37.801Z","action":"create","id":"drv_THXVc-53","email":"hateisworst@gmail.com","status":"pending"}
{"at":"2025-10-09T20:06:53.266Z","action":"approve","id":"drv_THXVc-53"}
{"at":"2025-10-09T23:00:18.288Z","action":"delete","id":"drv_THXVc-53"}
{"at":"2025-10-09T23:00:52.926Z","action":"create","id":"drv_JWhHFszw","email":"wasdwasdwasdwasd05@gmail.com","status":"pending"}
{"at":"2025-10-09T23:00:58.905Z","action":"approve","id":"drv_JWhHFszw"}
{"at":"2025-10-09T23:02:36.975Z","action":"reject","id":"drv_JWhHFszw"}
{"at":"2025-10-09T23:02:42.981Z","action":"delete","id":"drv_-x9om9cM"}
{"at":"2025-10-09T23:02:44.762Z","action":"delete","id":"drv_ftF-NJ-G"}
{"at":"2025-10-09T23:02:46.884Z","action":"delete","id":"drv_6LesOfmq"}
{"at":"2025-10-09T23:02:48.723Z","action":"delete","id":"drv_JWhHFszw"}
{"at":"2025-10-09T23:09:19.804Z","action":"create","id":"drv_Zmt6rhI8","email":"wasdwasdwasdwasd05@gmail.com","status":"pending"}
{"at":"2025-10-09T23:09:26.550Z","action":"approve","id":"drv_Zmt6rhI8"}
{"at":"2025-10-10T15:49:47.545Z","action":"create","id":"drv_6nGbAIKi","email":"hateisworst@gmail.com","status":"pending"}
{"at":"2025-10-10T15:51:52.123Z","action":"reject","id":"drv_6nGbAIKi"}
{"at":"2025-10-10T15:51:54.843Z","action":"reject","id":"drv_Zmt6rhI8"}
{"at":"2025-10-10T16:09:30.131Z","action":"create","id":"drv_N_JsSkB-","email":"test@example.com","status":"pending"}
{"at":"2025-10-10T16:22:01.923Z","action":"create","id":"drv_P9DLpg6O","email":"pic@example.com","status":"pending"}
